INFO: Loss at iteration 10 : 1.5993424654006958 Loss_TV :0.00017723120981827378 loss_spa :1.8268628991791047e-05 loss_col :0.02515411004424095 loss_exp :1.5739928483963013
INFO: Epoch :0, Loss at iteration10:1.5993424654006958
INFO: Loss at iteration 20 : 1.5299346446990967 Loss_TV :0.00022194694611243904 loss_spa :1.962858732440509e-05 loss_col :0.036898817867040634 loss_exp :1.4927942752838135
INFO: Epoch :0, Loss at iteration20:1.5299346446990967
INFO: Loss at iteration 30 : 1.7640306949615479 Loss_TV :0.00034134849556721747 loss_spa :1.5747251381981187e-05 loss_col :0.027411682531237602 loss_exp :1.7362619638442993
INFO: Epoch :0, Loss at iteration30:1.7640306949615479
INFO: Loss at iteration 40 : 1.2999157905578613 Loss_TV :0.0006046877824701369 loss_spa :2.1383271814556792e-05 loss_col :0.03318323194980621 loss_exp :1.2661064863204956
INFO: Epoch :0, Loss at iteration40:1.2999157905578613
INFO: Loss at iteration 50 : 1.6050798892974854 Loss_TV :0.0011637300485745072 loss_spa :2.708389365579933e-05 loss_col :0.03054346702992916 loss_exp :1.57334566116333
INFO: Epoch :0, Loss at iteration50:1.6050798892974854
INFO: Loss at iteration 60 : 0.9725750684738159 Loss_TV :0.003253224305808544 loss_spa :2.479865179338958e-05 loss_col :0.06870746612548828 loss_exp :0.9005895853042603
INFO: Epoch :0, Loss at iteration60:0.9725750684738159
INFO: Loss at iteration 70 : 1.4910885095596313 Loss_TV :0.008470387198030949 loss_spa :3.0456663807854056e-05 loss_col :0.023860523477196693 loss_exp :1.4587271213531494
INFO: Epoch :0, Loss at iteration70:1.4910885095596313
INFO: Loss at iteration 80 : 1.753783941268921 Loss_TV :0.009126480668783188 loss_spa :2.2719899789080955e-05 loss_col :0.04865444451570511 loss_exp :1.6959803104400635
INFO: Epoch :0, Loss at iteration80:1.753783941268921
INFO: Loss at iteration 90 : 1.1279242038726807 Loss_TV :0.009277453646063805 loss_spa :3.803142317337915e-05 loss_col :0.021374866366386414 loss_exp :1.0972338914871216
INFO: Epoch :0, Loss at iteration90:1.1279242038726807
INFO: Loss at iteration 100 : 1.2517979145050049 Loss_TV :0.0155978724360466 loss_spa :3.6569130315911025e-05 loss_col :0.030890915542840958 loss_exp :1.2052725553512573
INFO: Epoch :0, Loss at iteration100:1.2517979145050049
INFO: Loss at iteration 110 : 1.794068694114685 Loss_TV :0.017462940886616707 loss_spa :3.908990402123891e-05 loss_col :0.025167668238282204 loss_exp :1.751399040222168
INFO: Epoch :0, Loss at iteration110:1.794068694114685
INFO: Loss at iteration 120 : 1.237741470336914 Loss_TV :0.011654150672256947 loss_spa :4.942142913932912e-05 loss_col :0.017445120960474014 loss_exp :1.2085927724838257
INFO: Epoch :0, Loss at iteration120:1.237741470336914
INFO: Loss at iteration 130 : 1.3771848678588867 Loss_TV :0.013780144043266773 loss_spa :4.716027615359053e-05 loss_col :0.03296610713005066 loss_exp :1.3303914070129395
INFO: Epoch :0, Loss at iteration130:1.3771848678588867
INFO: Loss at iteration 140 : 1.7443993091583252 Loss_TV :0.02766561508178711 loss_spa :8.254317071987316e-05 loss_col :0.026626013219356537 loss_exp :1.6900250911712646
INFO: Epoch :0, Loss at iteration140:1.7443993091583252
INFO: Loss at iteration 150 : 1.1502736806869507 Loss_TV :0.026463676244020462 loss_spa :8.142054866766557e-05 loss_col :0.024970507249236107 loss_exp :1.0987581014633179
INFO: Epoch :0, Loss at iteration150:1.1502736806869507
INFO: Loss at iteration 160 : 1.3187938928604126 Loss_TV :0.04703802987933159 loss_spa :0.00018120251479558647 loss_col :0.0680871233344078 loss_exp :1.203487515449524
INFO: Epoch :0, Loss at iteration160:1.3187938928604126
INFO: Loss at iteration 170 : 1.0161330699920654 Loss_TV :0.06653298437595367 loss_spa :0.0005576824769377708 loss_col :0.018436169251799583 loss_exp :0.9306061863899231
INFO: Epoch :0, Loss at iteration170:1.0161330699920654
INFO: Loss at iteration 180 : 0.7352991104125977 Loss_TV :0.0617455393075943 loss_spa :0.0018596112495288253 loss_col :0.014205321669578552 loss_exp :0.6574886441230774
INFO: Epoch :0, Loss at iteration180:0.7352991104125977
INFO: Loss at iteration 190 : 0.8886380195617676 Loss_TV :0.04185912758111954 loss_spa :0.0026925334241241217 loss_col :0.024164922535419464 loss_exp :0.8199214339256287
INFO: Epoch :0, Loss at iteration190:0.8886380195617676
INFO: Loss at iteration 200 : 0.9720009565353394 Loss_TV :0.01079262513667345 loss_spa :0.004064530599862337 loss_col :0.024583011865615845 loss_exp :0.9325608015060425
INFO: Epoch :0, Loss at iteration200:0.9720009565353394
INFO: Loss at iteration 210 : 0.8502758145332336 Loss_TV :0.003378334455192089 loss_spa :0.003817582270130515 loss_col :0.02382393181324005 loss_exp :0.8192559480667114
INFO: Epoch :0, Loss at iteration210:0.8502758145332336
INFO: Loss at iteration 220 : 0.9376197457313538 Loss_TV :0.0017810749122872949 loss_spa :0.00386186596006155 loss_col :0.0076288701966404915 loss_exp :0.9243479371070862
INFO: Epoch :0, Loss at iteration220:0.9376197457313538
INFO: Loss at iteration 230 : 1.068190336227417 Loss_TV :0.0007937754853628576 loss_spa :0.00438606645911932 loss_col :0.020813532173633575 loss_exp :1.0421969890594482
INFO: Epoch :0, Loss at iteration230:1.068190336227417
INFO: Loss at iteration 240 : 0.8035338521003723 Loss_TV :0.0006837898399680853 loss_spa :0.004950371570885181 loss_col :0.10174156725406647 loss_exp :0.6961581110954285
INFO: Epoch :0, Loss at iteration240:0.8035338521003723
INFO: Loss at iteration 250 : 0.7653683423995972 Loss_TV :0.00032457755878567696 loss_spa :0.005034053698182106 loss_col :0.05056482553482056 loss_exp :0.7094448804855347
INFO: Epoch :0, Loss at iteration250:0.7653683423995972
INFO: Epoch :0, PSNR :14.609842858205614, SSIM :0.6853314524182292
INFO: Loss at iteration 10 : 0.6322942972183228 Loss_TV :0.0005100925336591899 loss_spa :0.005236818455159664 loss_col :0.04222293198108673 loss_exp :0.5843244791030884
INFO: Epoch :1, Loss at iteration10:0.6322942972183228
INFO: Loss at iteration 20 : 0.8111896514892578 Loss_TV :0.00042297851177863777 loss_spa :0.005207450594753027 loss_col :0.033517442643642426 loss_exp :0.7720417976379395
INFO: Epoch :1, Loss at iteration20:0.8111896514892578
INFO: Loss at iteration 30 : 0.6503788232803345 Loss_TV :0.0004190178879071027 loss_spa :0.005106749944388866 loss_col :0.03962334990501404 loss_exp :0.6052296757698059
INFO: Epoch :1, Loss at iteration30:0.6503788232803345
INFO: Loss at iteration 40 : 0.6187947392463684 Loss_TV :0.00036267610266804695 loss_spa :0.00483524426817894 loss_col :0.012274203822016716 loss_exp :0.601322591304779
INFO: Epoch :1, Loss at iteration40:0.6187947392463684
INFO: Loss at iteration 50 : 0.7499704957008362 Loss_TV :0.0009323983103968203 loss_spa :0.004595136269927025 loss_col :0.016824591904878616 loss_exp :0.727618396282196
INFO: Epoch :1, Loss at iteration50:0.7499704957008362
INFO: Loss at iteration 60 : 0.7643564343452454 Loss_TV :0.00048175491974689066 loss_spa :0.005168881267309189 loss_col :0.04269857704639435 loss_exp :0.7160072326660156
INFO: Epoch :1, Loss at iteration60:0.7643564343452454
INFO: Loss at iteration 70 : 0.7124414443969727 Loss_TV :0.0008021328831091523 loss_spa :0.004194813780486584 loss_col :0.03573117405176163 loss_exp :0.6717132925987244
INFO: Epoch :1, Loss at iteration70:0.7124414443969727
INFO: Loss at iteration 80 : 0.9756550192832947 Loss_TV :0.000963662110734731 loss_spa :0.0046956585720181465 loss_col :0.03145095705986023 loss_exp :0.938544750213623
INFO: Epoch :1, Loss at iteration80:0.9756550192832947
INFO: Loss at iteration 90 : 0.8123996257781982 Loss_TV :0.0005730838165618479 loss_spa :0.006584258750081062 loss_col :0.008038652129471302 loss_exp :0.7972036600112915
INFO: Epoch :1, Loss at iteration90:0.8123996257781982
INFO: Loss at iteration 100 : 0.6951062083244324 Loss_TV :0.0035954813938587904 loss_spa :0.0065322937443852425 loss_col :0.03600415587425232 loss_exp :0.6489742994308472
INFO: Epoch :1, Loss at iteration100:0.6951062083244324
INFO: Loss at iteration 110 : 0.7327810525894165 Loss_TV :0.0007334897527471185 loss_spa :0.0049177068285644054 loss_col :0.009534290060400963 loss_exp :0.7175955772399902
INFO: Epoch :1, Loss at iteration110:0.7327810525894165
INFO: Loss at iteration 120 : 1.1006966829299927 Loss_TV :0.001285536214709282 loss_spa :0.004376114811748266 loss_col :0.035182926803827286 loss_exp :1.059852123260498
INFO: Epoch :1, Loss at iteration120:1.1006966829299927
INFO: Loss at iteration 130 : 0.6882660984992981 Loss_TV :0.0019981986843049526 loss_spa :0.004747164435684681 loss_col :0.026653435081243515 loss_exp :0.6548672914505005
INFO: Epoch :1, Loss at iteration130:0.6882660984992981
INFO: Loss at iteration 140 : 0.999194860458374 Loss_TV :0.0009419163689017296 loss_spa :0.003361683338880539 loss_col :0.03002501092851162 loss_exp :0.9648662209510803
INFO: Epoch :1, Loss at iteration140:0.999194860458374
INFO: Loss at iteration 150 : 0.6494550108909607 Loss_TV :0.0027479573618620634 loss_spa :0.005432356148958206 loss_col :0.018818270415067673 loss_exp :0.622456431388855
INFO: Epoch :1, Loss at iteration150:0.6494550108909607
INFO: Loss at iteration 160 : 0.8387631773948669 Loss_TV :0.0023898615036159754 loss_spa :0.005029636900871992 loss_col :0.061947792768478394 loss_exp :0.7693958878517151
INFO: Epoch :1, Loss at iteration160:0.8387631773948669
INFO: Loss at iteration 170 : 0.8470572829246521 Loss_TV :0.00417405366897583 loss_spa :0.0037758846301585436 loss_col :0.011379726231098175 loss_exp :0.8277276158332825
INFO: Epoch :1, Loss at iteration170:0.8470572829246521
INFO: Loss at iteration 180 : 0.8699039220809937 Loss_TV :0.0027409796603024006 loss_spa :0.004561060573905706 loss_col :0.014124768786132336 loss_exp :0.8484771251678467
INFO: Epoch :1, Loss at iteration180:0.8699039220809937
INFO: Loss at iteration 190 : 1.0299909114837646 Loss_TV :0.0017997553804889321 loss_spa :0.0038375172298401594 loss_col :0.018848462030291557 loss_exp :1.0055052042007446
INFO: Epoch :1, Loss at iteration190:1.0299909114837646
INFO: Loss at iteration 200 : 0.6152701377868652 Loss_TV :0.003906309138983488 loss_spa :0.006128483451902866 loss_col :0.0320596769452095 loss_exp :0.5731756687164307
INFO: Epoch :1, Loss at iteration200:0.6152701377868652
INFO: Loss at iteration 210 : 0.7959229946136475 Loss_TV :0.0017572767101228237 loss_spa :0.004248478915542364 loss_col :0.08537254482507706 loss_exp :0.704544723033905
INFO: Epoch :1, Loss at iteration210:0.7959229946136475
INFO: Loss at iteration 220 : 0.8713362812995911 Loss_TV :0.0016874116845428944 loss_spa :0.004499197006225586 loss_col :0.015141159296035767 loss_exp :0.850008487701416
INFO: Epoch :1, Loss at iteration220:0.8713362812995911
INFO: Loss at iteration 230 : 0.7724066376686096 Loss_TV :0.0028484570793807507 loss_spa :0.005718079395592213 loss_col :0.025677651166915894 loss_exp :0.7381624579429626
INFO: Epoch :1, Loss at iteration230:0.7724066376686096
INFO: Loss at iteration 240 : 0.951873779296875 Loss_TV :0.001535338698886335 loss_spa :0.004594142083078623 loss_col :0.013014215975999832 loss_exp :0.9327300786972046
INFO: Epoch :1, Loss at iteration240:0.951873779296875
INFO: Loss at iteration 250 : 0.6095995903015137 Loss_TV :0.0024584371130913496 loss_spa :0.0038246118929237127 loss_col :0.03396156057715416 loss_exp :0.5693550109863281
INFO: Epoch :1, Loss at iteration250:0.6095995903015137
INFO: Epoch :1, PSNR :14.563268620226019, SSIM :0.6839667411022009
INFO: Loss at iteration 10 : 0.4946083724498749 Loss_TV :0.0010693443473428488 loss_spa :0.005212866235524416 loss_col :0.02155766822397709 loss_exp :0.4667685031890869
INFO: Epoch :2, Loss at iteration10:0.4946083724498749
INFO: Loss at iteration 20 : 0.7615114450454712 Loss_TV :0.00420074537396431 loss_spa :0.004541880451142788 loss_col :0.035175617784261703 loss_exp :0.7175931930541992
INFO: Epoch :2, Loss at iteration20:0.7615114450454712
INFO: Loss at iteration 30 : 0.621362566947937 Loss_TV :0.0019642221741378307 loss_spa :0.00515753822401166 loss_col :0.062368664890527725 loss_exp :0.5518721342086792
INFO: Epoch :2, Loss at iteration30:0.621362566947937
INFO: Loss at iteration 40 : 0.763542890548706 Loss_TV :0.0016211688052862883 loss_spa :0.004530335310846567 loss_col :0.019708260893821716 loss_exp :0.737683117389679
INFO: Epoch :2, Loss at iteration40:0.763542890548706
INFO: Loss at iteration 50 : 0.8225184082984924 Loss_TV :0.0009061103919520974 loss_spa :0.0037913986016064882 loss_col :0.025821493938565254 loss_exp :0.7919993996620178
INFO: Epoch :2, Loss at iteration50:0.8225184082984924
INFO: Loss at iteration 60 : 0.9139595031738281 Loss_TV :0.002037141937762499 loss_spa :0.004412396810948849 loss_col :0.023121042177081108 loss_exp :0.8843889236450195
INFO: Epoch :2, Loss at iteration60:0.9139595031738281
INFO: Loss at iteration 70 : 0.7569139003753662 Loss_TV :0.0035153559874743223 loss_spa :0.003952983766794205 loss_col :0.014778908342123032 loss_exp :0.734666645526886
INFO: Epoch :2, Loss at iteration70:0.7569139003753662
INFO: Loss at iteration 80 : 1.0798449516296387 Loss_TV :0.0012009332422167063 loss_spa :0.005037740338593721 loss_col :0.007260823622345924 loss_exp :1.066345453262329
INFO: Epoch :2, Loss at iteration80:1.0798449516296387
INFO: Loss at iteration 90 : 0.8269038200378418 Loss_TV :0.00425171572715044 loss_spa :0.004825513809919357 loss_col :0.014740679413080215 loss_exp :0.8030859231948853
INFO: Epoch :2, Loss at iteration90:0.8269038200378418
INFO: Loss at iteration 100 : 0.6519303917884827 Loss_TV :0.0024747727438807487 loss_spa :0.005243445746600628 loss_col :0.008887342177331448 loss_exp :0.6353248357772827
INFO: Epoch :2, Loss at iteration100:0.6519303917884827
INFO: Loss at iteration 110 : 0.6485889554023743 Loss_TV :0.004220644012093544 loss_spa :0.004783801268786192 loss_col :0.02768893539905548 loss_exp :0.6118955612182617
INFO: Epoch :2, Loss at iteration110:0.6485889554023743
INFO: Loss at iteration 120 : 0.8639615178108215 Loss_TV :0.0020699251908808947 loss_spa :0.005447679664939642 loss_col :0.016689470037817955 loss_exp :0.8397544622421265
INFO: Epoch :2, Loss at iteration120:0.8639615178108215
INFO: Loss at iteration 130 : 0.6724819540977478 Loss_TV :0.0006881039007566869 loss_spa :0.004379525780677795 loss_col :0.011727455072104931 loss_exp :0.6556868553161621
INFO: Epoch :2, Loss at iteration130:0.6724819540977478
INFO: Loss at iteration 140 : 0.7100229263305664 Loss_TV :0.0014774368610233068 loss_spa :0.005375038366764784 loss_col :0.009676837362349033 loss_exp :0.6934936046600342
INFO: Epoch :2, Loss at iteration140:0.7100229263305664
INFO: Loss at iteration 150 : 0.6394574046134949 Loss_TV :0.004843136761337519 loss_spa :0.0041497317142784595 loss_col :0.04298808425664902 loss_exp :0.5874764323234558
INFO: Epoch :2, Loss at iteration150:0.6394574046134949
INFO: Loss at iteration 160 : 0.6026391386985779 Loss_TV :0.0016235377406701446 loss_spa :0.005004492588341236 loss_col :0.027696454897522926 loss_exp :0.5683146715164185
INFO: Epoch :2, Loss at iteration160:0.6026391386985779
INFO: Loss at iteration 170 : 0.8263424038887024 Loss_TV :0.005847844760864973 loss_spa :0.004692413844168186 loss_col :0.04824129492044449 loss_exp :0.7675608396530151
INFO: Epoch :2, Loss at iteration170:0.8263424038887024
INFO: Loss at iteration 180 : 0.7742372155189514 Loss_TV :0.0012531381798908114 loss_spa :0.004241049289703369 loss_col :0.018675312399864197 loss_exp :0.7500677108764648
INFO: Epoch :2, Loss at iteration180:0.7742372155189514
INFO: Loss at iteration 190 : 0.737943708896637 Loss_TV :0.001391580910421908 loss_spa :0.005515015684068203 loss_col :0.04073430597782135 loss_exp :0.6903027892112732
INFO: Epoch :2, Loss at iteration190:0.737943708896637
INFO: Loss at iteration 200 : 0.7583202123641968 Loss_TV :0.0025167101994156837 loss_spa :0.005555019248276949 loss_col :0.030743207782506943 loss_exp :0.719505250453949
INFO: Epoch :2, Loss at iteration200:0.7583202123641968
INFO: Loss at iteration 210 : 0.8081523180007935 Loss_TV :0.005069109611213207 loss_spa :0.005305585451424122 loss_col :0.015106088481843472 loss_exp :0.7826715111732483
INFO: Epoch :2, Loss at iteration210:0.8081523180007935
INFO: Loss at iteration 220 : 0.6891298294067383 Loss_TV :0.0029412144795060158 loss_spa :0.005597173236310482 loss_col :0.05135081335902214 loss_exp :0.6292406320571899
INFO: Epoch :2, Loss at iteration220:0.6891298294067383
INFO: Loss at iteration 230 : 0.8539808392524719 Loss_TV :0.0012960510794073343 loss_spa :0.00534350099042058 loss_col :0.0086880624294281 loss_exp :0.8386532068252563
INFO: Epoch :2, Loss at iteration230:0.8539808392524719
INFO: Loss at iteration 240 : 0.8407776355743408 Loss_TV :0.002679090714082122 loss_spa :0.004198355600237846 loss_col :0.014342028647661209 loss_exp :0.8195581436157227
INFO: Epoch :2, Loss at iteration240:0.8407776355743408
INFO: Loss at iteration 250 : 0.49121078848838806 Loss_TV :0.004977154545485973 loss_spa :0.0060019418597221375 loss_col :0.02223682589828968 loss_exp :0.45799487829208374
INFO: Epoch :2, Loss at iteration250:0.49121078848838806
INFO: Epoch :2, PSNR :14.565608602089064, SSIM :0.6840866371561662
INFO: Loss at iteration 10 : 0.7695634365081787 Loss_TV :0.002773776650428772 loss_spa :0.005633618216961622 loss_col :0.01560255978256464 loss_exp :0.7455534934997559
INFO: Epoch :3, Loss at iteration10:0.7695634365081787
INFO: Loss at iteration 20 : 0.7788546085357666 Loss_TV :0.0053312163800001144 loss_spa :0.005147375166416168 loss_col :0.007782065309584141 loss_exp :0.7605939507484436
INFO: Epoch :3, Loss at iteration20:0.7788546085357666
INFO: Loss at iteration 30 : 0.8115431666374207 Loss_TV :0.0013087599072605371 loss_spa :0.006007390562444925 loss_col :0.009909635409712791 loss_exp :0.794317364692688
INFO: Epoch :3, Loss at iteration30:0.8115431666374207
INFO: Loss at iteration 40 : 0.7828845381736755 Loss_TV :0.0037958547472953796 loss_spa :0.004892444703727961 loss_col :0.008348463103175163 loss_exp :0.7658478021621704
INFO: Epoch :3, Loss at iteration40:0.7828845381736755
INFO: Loss at iteration 50 : 0.6300466656684875 Loss_TV :0.0031064744107425213 loss_spa :0.005106630735099316 loss_col :0.023099541664123535 loss_exp :0.5987340211868286
INFO: Epoch :3, Loss at iteration50:0.6300466656684875
INFO: Loss at iteration 60 : 0.6155490279197693 Loss_TV :0.003546391148120165 loss_spa :0.003969868645071983 loss_col :0.09632427245378494 loss_exp :0.5117084980010986
INFO: Epoch :3, Loss at iteration60:0.6155490279197693
INFO: Loss at iteration 70 : 0.6231173276901245 Loss_TV :0.003820473328232765 loss_spa :0.005326211452484131 loss_col :0.01562931016087532 loss_exp :0.5983413457870483
INFO: Epoch :3, Loss at iteration70:0.6231173276901245
INFO: Loss at iteration 80 : 0.6192730069160461 Loss_TV :0.0033254632726311684 loss_spa :0.004451186396181583 loss_col :0.0394686684012413 loss_exp :0.5720276832580566
INFO: Epoch :3, Loss at iteration80:0.6192730069160461
INFO: Loss at iteration 90 : 0.6425273418426514 Loss_TV :0.000846387236379087 loss_spa :0.003847590647637844 loss_col :0.02877969667315483 loss_exp :0.6090536713600159
INFO: Epoch :3, Loss at iteration90:0.6425273418426514
INFO: Loss at iteration 100 : 0.5867390632629395 Loss_TV :0.0018269270658493042 loss_spa :0.00401668157428503 loss_col :0.011876009404659271 loss_exp :0.5690194368362427
INFO: Epoch :3, Loss at iteration100:0.5867390632629395
INFO: Loss at iteration 110 : 0.9641960859298706 Loss_TV :0.0027655079029500484 loss_spa :0.003905185265466571 loss_col :0.010468992404639721 loss_exp :0.9470564126968384
INFO: Epoch :3, Loss at iteration110:0.9641960859298706
INFO: Loss at iteration 120 : 0.49121031165122986 Loss_TV :0.004522804636508226 loss_spa :0.004995257593691349 loss_col :0.018838968127965927 loss_exp :0.4628532826900482
INFO: Epoch :3, Loss at iteration120:0.49121031165122986
INFO: Loss at iteration 130 : 0.6265610456466675 Loss_TV :0.003706451738253236 loss_spa :0.004343739245086908 loss_col :0.022400155663490295 loss_exp :0.5961107015609741
INFO: Epoch :3, Loss at iteration130:0.6265610456466675
INFO: Loss at iteration 140 : 0.5629990696907043 Loss_TV :0.0038725349586457014 loss_spa :0.004563801921904087 loss_col :0.021839262917637825 loss_exp :0.5327234864234924
INFO: Epoch :3, Loss at iteration140:0.5629990696907043
INFO: Loss at iteration 150 : 0.8584749698638916 Loss_TV :0.0028267439920455217 loss_spa :0.0040578958578407764 loss_col :0.017852982506155968 loss_exp :0.8337373733520508
INFO: Epoch :3, Loss at iteration150:0.8584749698638916
INFO: Loss at iteration 160 : 0.6954734921455383 Loss_TV :0.0025343960151076317 loss_spa :0.006169755943119526 loss_col :0.05143601447343826 loss_exp :0.6353332996368408
INFO: Epoch :3, Loss at iteration160:0.6954734921455383
INFO: Loss at iteration 170 : 0.5408239364624023 Loss_TV :0.003685105126351118 loss_spa :0.004843807313591242 loss_col :0.031012114137411118 loss_exp :0.5012829303741455
INFO: Epoch :3, Loss at iteration170:0.5408239364624023
INFO: Loss at iteration 180 : 0.59214848279953 Loss_TV :0.002636062214151025 loss_spa :0.005188517738133669 loss_col :0.028800055384635925 loss_exp :0.5555238723754883
INFO: Epoch :3, Loss at iteration180:0.59214848279953
INFO: Loss at iteration 190 : 0.88155198097229 Loss_TV :0.0016656278166919947 loss_spa :0.004772252403199673 loss_col :0.007821846753358841 loss_exp :0.8672922253608704
INFO: Epoch :3, Loss at iteration190:0.88155198097229
INFO: Loss at iteration 200 : 0.8052724599838257 Loss_TV :0.0036677964963018894 loss_spa :0.004863375797867775 loss_col :0.00806580763310194 loss_exp :0.7886754870414734
INFO: Epoch :3, Loss at iteration200:0.8052724599838257
INFO: Loss at iteration 210 : 0.8868677616119385 Loss_TV :0.0026201989967375994 loss_spa :0.005163006018847227 loss_col :0.005449788644909859 loss_exp :0.8736347556114197
INFO: Epoch :3, Loss at iteration210:0.8868677616119385
INFO: Loss at iteration 220 : 0.7327046394348145 Loss_TV :0.002873811637982726 loss_spa :0.0059844134375452995 loss_col :0.012684794142842293 loss_exp :0.7111616134643555
INFO: Epoch :3, Loss at iteration220:0.7327046394348145
INFO: Loss at iteration 230 : 0.9014543294906616 Loss_TV :0.0016011365223675966 loss_spa :0.004490355961024761 loss_col :0.022236546501517296 loss_exp :0.8731262683868408
INFO: Epoch :3, Loss at iteration230:0.9014543294906616
INFO: Loss at iteration 240 : 0.7056353688240051 Loss_TV :0.0028724006842821836 loss_spa :0.005905971396714449 loss_col :0.042158424854278564 loss_exp :0.6546985507011414
INFO: Epoch :3, Loss at iteration240:0.7056353688240051
INFO: Loss at iteration 250 : 0.4899909496307373 Loss_TV :0.0032787665259093046 loss_spa :0.005532630253583193 loss_col :0.018407274037599564 loss_exp :0.46277227997779846
INFO: Epoch :3, Loss at iteration250:0.4899909496307373
INFO: Epoch :3, PSNR :14.565743453837795, SSIM :0.6840982880300849
INFO: Loss at iteration 10 : 0.9899629354476929 Loss_TV :0.0016237045638263226 loss_spa :0.0036709203850477934 loss_col :0.011935457587242126 loss_exp :0.9727328419685364
INFO: Epoch :4, Loss at iteration10:0.9899629354476929
INFO: Loss at iteration 20 : 0.8353801965713501 Loss_TV :0.0020176151301711798 loss_spa :0.004166854545474052 loss_col :0.02726682648062706 loss_exp :0.8019288778305054
INFO: Epoch :4, Loss at iteration20:0.8353801965713501
INFO: Loss at iteration 30 : 0.6498631834983826 Loss_TV :0.004871044307947159 loss_spa :0.005098022520542145 loss_col :0.02396608516573906 loss_exp :0.615928053855896
INFO: Epoch :4, Loss at iteration30:0.6498631834983826